[G:/fuzhi/成果网站/backblue.gif]
[G:/fuzhi/成果网站/fade.gif]
[G:/fuzhi/成果网站/index.html]
[G:/fuzhi/成果网站/jxcg.cdu.edu.cn/Public/ckplayer/ckplayer.js]
[G:/fuzhi/成果网站/jxcg.cdu.edu.cn/Public/js/jquery-1.8.2.min.js]
[G:/fuzhi/成果网站/jxcg.cdu.edu.cn/Public/js/tgyy.js]
[G:/fuzhi/成果网站/jxcg.cdu.edu.cn/Public/image/logo.png]
[G:/fuzhi/成果网站/jxcg.cdu.edu.cn/Public/image/headder_text.png]
[G:/fuzhi/成果网站/jxcg.cdu.edu.cn/swfobject.js]
[G:/fuzhi/成果网站/jxcg.cdu.edu.cn/flvplayer.swf]
[G:/fuzhi/成果网站/jxcg.cdu.edu.cn/preview.jpg]
[G:/fuzhi/成果网站/jxcg.cdu.edu.cn/d/file/contents/2014/03/53228b2f0e4c7.jpg]
[G:/fuzhi/成果网站/jxcg.cdu.edu.cn/d/file/contents/2014/03/532293bf12f21.jpg]
[G:/fuzhi/成果网站/jxcg.cdu.edu.cn/d/file/contents/2014/03/532293f4d0dfa.jpg]
[G:/fuzhi/成果网站/jxcg.cdu.edu.cn/d/file/contents/2014/03/532a76cfdf8c6.jpg]
[G:/fuzhi/成果网站/jxcg.cdu.edu.cn/d/file/contents/2014/03/5322a2904565b.jpg]
[G:/fuzhi/成果网站/www.cdu.edu.cn/UpImages/CompusImages/1334337138.jpg]
[G:/fuzhi/成果网站/jxcg.cdu.edu.cn/d/file/contents/2014/03/532684f3edea7.jpg]
[G:/fuzhi/成果网站/news.cdu.edu.cn/attachment/201310/20131023153230n911zMRhTZ_full.jpg]
[G:/fuzhi/成果网站/jxcg.cdu.edu.cn/d/file/contents/2014/03/53268703e0fa3.jpg]
[G:/fuzhi/成果网站/news.cdu.edu.cn/attachment/201305/20130508175356n911ta2AjF_full.jpg]
[G:/fuzhi/成果网站/news.cdu.edu.cn/attachment/201310/20131025143839n911KfNB48_full.jpg]
[G:/fuzhi/成果网站/news.cdu.edu.cn/attachment/201305/20130520152709n911vTMdrB_full.jpg]
[G:/fuzhi/成果网站/jxcg.cdu.edu.cn/Public/image/footer_logo.png]
[G:/fuzhi/成果网站/jxcg.cdu.edu.cn/Public/js/style.js]
[G:/fuzhi/成果网站/jxcg.cdu.edu.cn/index.html]
[G:/fuzhi/成果网站/jxcg.cdu.edu.cn/Public/css/font/1.eot]
[G:/fuzhi/成果网站/jxcg.cdu.edu.cn/Public/css/font/1.ttf]
[G:/fuzhi/成果网站/jxcg.cdu.edu.cn/Public/image/background_1.png]
[G:/fuzhi/成果网站/jxcg.cdu.edu.cn/Public/image/header_background.png]
[G:/fuzhi/成果网站/jxcg.cdu.edu.cn/Public/image/footer_xian.png]
[G:/fuzhi/成果网站/jxcg.cdu.edu.cn/Public/image/icon_2.png]
[G:/fuzhi/成果网站/jxcg.cdu.edu.cn/Public/css/style.css]
[G:/fuzhi/成果网站/jxcg.cdu.edu.cn/Public/image/background_3.png]
[G:/fuzhi/成果网站/jxcg.cdu.edu.cn/Public/image/background_2.png]
[G:/fuzhi/成果网站/jxcg.cdu.edu.cn/Public/image/background_4.png]
[G:/fuzhi/成果网站/jxcg.cdu.edu.cn/Public/image/icon_.png]
[G:/fuzhi/成果网站/jxcg.cdu.edu.cn/Public/css/qu.css]
[G:/fuzhi/成果网站/jxcg.cdu.edu.cn/Public/image/cgly_xian.png]
[G:/fuzhi/成果网站/jxcg.cdu.edu.cn/Public/image/jiantou.png]
[G:/fuzhi/成果网站/jxcg.cdu.edu.cn/Public/css/cgly.css]
[G:/fuzhi/成果网站/jxcg.cdu.edu.cn/Public/image/dian_3.png]
[G:/fuzhi/成果网站/jxcg.cdu.edu.cn/Public/image/jiantou_bottom.png]
[G:/fuzhi/成果网站/jxcg.cdu.edu.cn/Public/css/tgyy.css]
[G:/fuzhi/成果网站/jxcg.cdu.edu.cn/Public/css/xiagnxiye.css]
[G:/fuzhi/成果网站/jxcg.cdu.edu.cn/d/file/contents/2014/03/532ae69608bf6.jpg]
[G:/fuzhi/成果网站/jxcg.cdu.edu.cn/indexe317.html]
[G:/fuzhi/成果网站/jxcg.cdu.edu.cn/index1ee1.html]
[G:/fuzhi/成果网站/jxcg.cdu.edu.cn/indexbcef.html]
[G:/fuzhi/成果网站/jxcg.cdu.edu.cn/index9ee6.html]
[G:/fuzhi/成果网站/jxcg.cdu.edu.cn/index2ab0.html]
[G:/fuzhi/成果网站/jxcg.cdu.edu.cn/index7a5b.html]
[G:/fuzhi/成果网站/jxcg.cdu.edu.cn/indexe96d.html]
[G:/fuzhi/成果网站/jxcg.cdu.edu.cn/Public/image/dian_2.png]
[G:/fuzhi/成果网站/jxcg.cdu.edu.cn/index3dde.html]
[G:/fuzhi/成果网站/jxcg.cdu.edu.cn/d/file/contents/2014/03/5322ef0873550.jpg]
[G:/fuzhi/成果网站/jxcg.cdu.edu.cn/indexfd7d.html]
[G:/fuzhi/成果网站/jxcg.cdu.edu.cn/d/file/contents/2014/03/53228d2a5edd0.jpg]
[G:/fuzhi/成果网站/jxcg.cdu.edu.cn/indexd3da.html]
[G:/fuzhi/成果网站/jxcg.cdu.edu.cn/d/file/contents/2014/03/5322924fd29e0.jpg]
[G:/fuzhi/成果网站/jxcg.cdu.edu.cn/index1473.html]
[G:/fuzhi/成果网站/jxcg.cdu.edu.cn/d/file/contents/2014/03/532a7676ee63d.jpg]
[G:/fuzhi/成果网站/jxcg.cdu.edu.cn/indexd1b4.html]
[G:/fuzhi/成果网站/jxcg.cdu.edu.cn/d/file/contents/2014/03/5322a2802c653.jpg]
[G:/fuzhi/成果网站/jxcg.cdu.edu.cn/indexb929.html]
[G:/fuzhi/成果网站/jxcg.cdu.edu.cn/indexf65b.html]
[G:/fuzhi/成果网站/jxcg.cdu.edu.cn/index60cf.html]
[G:/fuzhi/成果网站/jxcg.cdu.edu.cn/index2435.html]
[G:/fuzhi/成果网站/jxcg.cdu.edu.cn/index158e.html]
[G:/fuzhi/成果网站/jxcg.cdu.edu.cn/indexe89a.html]
[G:/fuzhi/成果网站/jxcg.cdu.edu.cn/index16df.html]
[G:/fuzhi/成果网站/jxcg.cdu.edu.cn/index2ab0-2.html]
[G:/fuzhi/成果网站/jxcg.cdu.edu.cn/indexd4d5.html]
[G:/fuzhi/成果网站/jxcg.cdu.edu.cn/indexca54.html]
[G:/fuzhi/成果网站/jxcg.cdu.edu.cn/indexe575.html]
[G:/fuzhi/成果网站/jxcg.cdu.edu.cn/index15b2.html]
[G:/fuzhi/成果网站/jxcg.cdu.edu.cn/index2b2f.html]
[G:/fuzhi/成果网站/jxcg.cdu.edu.cn/index18cf.html]
[G:/fuzhi/成果网站/jxcg.cdu.edu.cn/index7ab7.html]
[G:/fuzhi/成果网站/jxcg.cdu.edu.cn/index7cfd.html]
[G:/fuzhi/成果网站/jxcg.cdu.edu.cn/indexeff5.html]
[G:/fuzhi/成果网站/jxcg.cdu.edu.cn/index3e82.html]
[G:/fuzhi/成果网站/jxcg.cdu.edu.cn/indexea8d.html]
[G:/fuzhi/成果网站/jxcg.cdu.edu.cn/indexc9a0.html]
[G:/fuzhi/成果网站/jxcg.cdu.edu.cn/index44cd.html]
[G:/fuzhi/成果网站/jxcg.cdu.edu.cn/index1965.html]
[G:/fuzhi/成果网站/jxcg.cdu.edu.cn/index9506.html]
[G:/fuzhi/成果网站/jxcg.cdu.edu.cn/index3a2a.html]
[G:/fuzhi/成果网站/jxcg.cdu.edu.cn/index7587.html]
[G:/fuzhi/成果网站/www.cdu.edu.cn/UpImages/CompusImages/1334330126.jpg]
[G:/fuzhi/成果网站/www.cdu.edu.cn/UpImages/CompusImages/1334330136.jpg]
[G:/fuzhi/成果网站/www.cdu.edu.cn/UpImages/CompusImages/1334330148.jpg]
[G:/fuzhi/成果网站/www.cdu.edu.cn/UpImages/CompusImages/1334330179.jpg]
[G:/fuzhi/成果网站/www.cdu.edu.cn/UpImages/CompusImages/1334330208.jpg]
[G:/fuzhi/成果网站/www.cdu.edu.cn/UpImages/CompusImages/1334330218.jpg]
[G:/fuzhi/成果网站/www.cdu.edu.cn/UpImages/CompusImages/1334330094.jpg]
[G:/fuzhi/成果网站/www.cdu.edu.cn/UpImages/CompusImages/1334330241.jpg]
[G:/fuzhi/成果网站/www.cdu.edu.cn/UpImages/CompusImages/1334336804.jpg]
[G:/fuzhi/成果网站/www.cdu.edu.cn/UpImages/CompusImages/1334330168.jpg]
[G:/fuzhi/成果网站/www.cdu.edu.cn/UpImages/CompusImages/1334330159.jpg]
[G:/fuzhi/成果网站/www.cdu.edu.cn/UpImages/CompusImages/1334330078.jpg]
[G:/fuzhi/成果网站/www.cdu.edu.cn/UpImages/CompusImages/1334330085.jpg]
[G:/fuzhi/成果网站/www.cdu.edu.cn/UpImages/CompusImages/1334330104.jpg]
[G:/fuzhi/成果网站/jxcg.cdu.edu.cn/index5563.html]
[G:/fuzhi/成果网站/jxcg.cdu.edu.cn/index8fbe.html]
[G:/fuzhi/成果网站/jxcg.cdu.edu.cn/index2b1c.html]
[G:/fuzhi/成果网站/jxcg.cdu.edu.cn/index464f.html]
[G:/fuzhi/成果网站/jxcg.cdu.edu.cn/index8192.html]
[G:/fuzhi/成果网站/jxcg.cdu.edu.cn/indexcfd6.html]
[G:/fuzhi/成果网站/jxcg.cdu.edu.cn/index7d89.html]
[G:/fuzhi/成果网站/jxcg.cdu.edu.cn/Public/image/dian.png]
[G:/fuzhi/成果网站/jxcg.cdu.edu.cn/index4a71.html]
[G:/fuzhi/成果网站/jxcg.cdu.edu.cn/indexdb47.html]
[G:/fuzhi/成果网站/jxcg.cdu.edu.cn/indexebb3.html]
[G:/fuzhi/成果网站/jxcg.cdu.edu.cn/index331b.html]
[G:/fuzhi/成果网站/jxcg.cdu.edu.cn/index9f31.html]
[G:/fuzhi/成果网站/jxcg.cdu.edu.cn/index95d7.html]
[G:/fuzhi/成果网站/jxcg.cdu.edu.cn/indexe2b7.html]
[G:/fuzhi/成果网站/jxcg.cdu.edu.cn/index6239.html]
[G:/fuzhi/成果网站/jxcg.cdu.edu.cn/index03e1.html]
[G:/fuzhi/成果网站/jxcg.cdu.edu.cn/indexe051.html]
[G:/fuzhi/成果网站/jxcg.cdu.edu.cn/indexdddd.html]
[G:/fuzhi/成果网站/jxcg.cdu.edu.cn/indexb287.html]
[G:/fuzhi/成果网站/jxcg.cdu.edu.cn/indexcb2e.html]
[G:/fuzhi/成果网站/jxcg.cdu.edu.cn/index1677.html]
[G:/fuzhi/成果网站/jxcg.cdu.edu.cn/index59fa.html]
[G:/fuzhi/成果网站/jxcg.cdu.edu.cn/indexddb9.html]
[G:/fuzhi/成果网站/jxcg.cdu.edu.cn/index8bc0.html]
[G:/fuzhi/成果网站/jxcg.cdu.edu.cn/index9e75.html]
[G:/fuzhi/成果网站/jxcg.cdu.edu.cn/indexd950.html]
[G:/fuzhi/成果网站/jxcg.cdu.edu.cn/indexa7b8.html]
[G:/fuzhi/成果网站/jxcg.cdu.edu.cn/index77a6.html]
[G:/fuzhi/成果网站/jxcg.cdu.edu.cn/index6b23.html]
[G:/fuzhi/成果网站/jxcg.cdu.edu.cn/index71be.html]
[G:/fuzhi/成果网站/jxcg.cdu.edu.cn/index3338.html]
[G:/fuzhi/成果网站/jxcg.cdu.edu.cn/index21c2.html]
[G:/fuzhi/成果网站/jxcg.cdu.edu.cn/index8740.html]
[G:/fuzhi/成果网站/jxcg.cdu.edu.cn/indexcfbc.html]
[G:/fuzhi/成果网站/jxcg.cdu.edu.cn/index3089.html]
[G:/fuzhi/成果网站/jxcg.cdu.edu.cn/index242d.html]
[G:/fuzhi/成果网站/jxcg.cdu.edu.cn/indexaf53.html]
[G:/fuzhi/成果网站/jxcg.cdu.edu.cn/indexa113.html]
[G:/fuzhi/成果网站/jxcg.cdu.edu.cn/index74da.html]
[G:/fuzhi/成果网站/jxcg.cdu.edu.cn/index148a.html]
[G:/fuzhi/成果网站/jxcg.cdu.edu.cn/indexb0a1.html]
[G:/fuzhi/成果网站/jxcg.cdu.edu.cn/indexc755.html]
[G:/fuzhi/成果网站/jxcg.cdu.edu.cn/indexf4cf.html]
[G:/fuzhi/成果网站/jxcg.cdu.edu.cn/indexbbfe.html]
[G:/fuzhi/成果网站/jxcg.cdu.edu.cn/index724e.html]
[G:/fuzhi/成果网站/jxcg.cdu.edu.cn/index9f99.html]
[G:/fuzhi/成果网站/jxcg.cdu.edu.cn/indexfff8.html]
[G:/fuzhi/成果网站/jxcg.cdu.edu.cn/index347a.html]
[G:/fuzhi/成果网站/jxcg.cdu.edu.cn/index2a5d.html]
[G:/fuzhi/成果网站/jxcg.cdu.edu.cn/index34be.html]
[G:/fuzhi/成果网站/jxcg.cdu.edu.cn/index330d.html]
[G:/fuzhi/成果网站/jxcg.cdu.edu.cn/indexbc4b.html]
[G:/fuzhi/成果网站/jxcg.cdu.edu.cn/indexf0d7.html]
[G:/fuzhi/成果网站/jxcg.cdu.edu.cn/index5daa.html]
[G:/fuzhi/成果网站/jxcg.cdu.edu.cn/index45a6.html]
[G:/fuzhi/成果网站/jxcg.cdu.edu.cn/index254d.html]
[G:/fuzhi/成果网站/jxcg.cdu.edu.cn/indexe28a.html]
[G:/fuzhi/成果网站/jxcg.cdu.edu.cn/index4891.html]
[G:/fuzhi/成果网站/jxcg.cdu.edu.cn/index2100.html]
[G:/fuzhi/成果网站/jxcg.cdu.edu.cn/index7d67.html]
[G:/fuzhi/成果网站/jxcg.cdu.edu.cn/index4390.html]
[G:/fuzhi/成果网站/jxcg.cdu.edu.cn/index5c6a.html]
[G:/fuzhi/成果网站/jxcg.cdu.edu.cn/index4cba.html]
[G:/fuzhi/成果网站/jxcg.cdu.edu.cn/indexd1a6.html]
[G:/fuzhi/成果网站/jxcg.cdu.edu.cn/index8f97.html]
[G:/fuzhi/成果网站/jxcg.cdu.edu.cn/index23c5.html]
[G:/fuzhi/成果网站/jxcg.cdu.edu.cn/indexe20e.html]
[G:/fuzhi/成果网站/jxcg.cdu.edu.cn/indexa813.html]
[G:/fuzhi/成果网站/jxcg.cdu.edu.cn/indexe20e-2.html]
[G:/fuzhi/成果网站/jxcg.cdu.edu.cn/indexc5e4.html]
[G:/fuzhi/成果网站/jxcg.cdu.edu.cn/index46eb.html]
[G:/fuzhi/成果网站/jxcg.cdu.edu.cn/indexabee.html]
[G:/fuzhi/成果网站/jxcg.cdu.edu.cn/indexf112.html]
[G:/fuzhi/成果网站/jxcg.cdu.edu.cn/index6045.html]
[G:/fuzhi/成果网站/jxcg.cdu.edu.cn/indexf31d.html]
[G:/fuzhi/成果网站/jxcg.cdu.edu.cn/indexd1d4.html]
[G:/fuzhi/成果网站/jxcg.cdu.edu.cn/index6e25.html]
[G:/fuzhi/成果网站/jxcg.cdu.edu.cn/index46fb.html]
[G:/fuzhi/成果网站/jxcg.cdu.edu.cn/index8c8d.html]
[G:/fuzhi/成果网站/jxcg.cdu.edu.cn/index033c.html]
[G:/fuzhi/成果网站/jxcg.cdu.edu.cn/index018c.html]
[G:/fuzhi/成果网站/jxcg.cdu.edu.cn/indexc79a.html]
[G:/fuzhi/成果网站/jxcg.cdu.edu.cn/indexd702.html]
[G:/fuzhi/成果网站/jxcg.cdu.edu.cn/index9ba8.html]
[G:/fuzhi/成果网站/jxcg.cdu.edu.cn/index5e3f.html]
[G:/fuzhi/成果网站/jxcg.cdu.edu.cn/index4818.html]
[G:/fuzhi/成果网站/jxcg.cdu.edu.cn/indexd8b0.html]
[G:/fuzhi/成果网站/jxcg.cdu.edu.cn/indexc10e.html]
[G:/fuzhi/成果网站/jxcg.cdu.edu.cn/indexa562.html]
[G:/fuzhi/成果网站/jxcg.cdu.edu.cn/index887c.html]
[G:/fuzhi/成果网站/jxcg.cdu.edu.cn/index7e32.html]
[G:/fuzhi/成果网站/jxcg.cdu.edu.cn/index96e9.html]
[G:/fuzhi/成果网站/jxcg.cdu.edu.cn/indexeec3.html]
[G:/fuzhi/成果网站/jxcg.cdu.edu.cn/indexde70.html]
[G:/fuzhi/成果网站/jxcg.cdu.edu.cn/index09bc.html]
[G:/fuzhi/成果网站/jxcg.cdu.edu.cn/index6785.html]
[G:/fuzhi/成果网站/jxcg.cdu.edu.cn/index32b6.html]
[G:/fuzhi/成果网站/jxcg.cdu.edu.cn/indexf72c.html]
[G:/fuzhi/成果网站/jxcg.cdu.edu.cn/indexe685.html]
[G:/fuzhi/成果网站/jxcg.cdu.edu.cn/index3bdd.html]
[G:/fuzhi/成果网站/jxcg.cdu.edu.cn/indexe54a.html]
[G:/fuzhi/成果网站/jxcg.cdu.edu.cn/index2e2d.html]
[G:/fuzhi/成果网站/jxcg.cdu.edu.cn/index7444.html]
[G:/fuzhi/成果网站/jxcg.cdu.edu.cn/index4c7a.html]
[G:/fuzhi/成果网站/jxcg.cdu.edu.cn/index2095.html]
[G:/fuzhi/成果网站/jxcg.cdu.edu.cn/index543d.html]
[G:/fuzhi/成果网站/jxcg.cdu.edu.cn/index8e94.html]
[G:/fuzhi/成果网站/jxcg.cdu.edu.cn/indexb77e.html]
[G:/fuzhi/成果网站/jxcg.cdu.edu.cn/indexd145.html]
[G:/fuzhi/成果网站/jxcg.cdu.edu.cn/index897e.html]
[G:/fuzhi/成果网站/jxcg.cdu.edu.cn/index3e33.html]
